
List of user-set options:

                                    Name   Value                used
                        file_print_level = 5                     yes
                   hessian_approximation = limited-memory        yes
                           linear_solver = mumps                 yes
                                max_iter = 1000                  yes
                      nlp_scaling_method = user-scaling          yes
                             output_file = /home/vilji/Documents/Projects/Sumarverkefni-ParameterAnalysis/Code/BVM/code/dymos_opt_controll/opt_control_linear_out/IPOPT.out  yes
                             print_level = 5                     yes
                      print_user_options = yes                   yes
                                      sb = yes                   yes
                                     tol = 1e-08                 yes
This is Ipopt version 3.14.17, running with linear solver MUMPS 5.7.3.

Number of nonzeros in equality constraint Jacobian...:   140480
Number of nonzeros in inequality constraint Jacobian.:        0
Number of nonzeros in Lagrangian Hessian.............:        0

Total number of variables............................:      480
                     variables with only lower bounds:        0
                variables with lower and upper bounds:      320
                     variables with only upper bounds:        0
Total number of equality constraints.................:      398
Total number of inequality constraints...............:        0
        inequality constraints with only lower bounds:        0
   inequality constraints with lower and upper bounds:        0
        inequality constraints with only upper bounds:        0

iter    objective    inf_pr   inf_du lg(mu)  ||d||  lg(rg) alpha_du alpha_pr  ls
   0  0.0000000e+00 5.83e-01 3.76e-01   0.0 0.00e+00    -  0.00e+00 0.00e+00   0
   1 -5.0383754e-01 5.68e-01 2.28e+02   0.3 1.52e+01    -  1.00e+00 3.31e-02f  1
   2  3.1336245e+00 3.91e+00 2.81e+03   1.6 9.19e+00    -  1.28e-01 1.00e+00f  1
   3  1.8518038e+01 1.15e-01 2.14e+03  -4.8 1.54e+01    -  4.84e-01 1.00e+00h  1
   4  1.7321316e+01 1.24e-03 2.24e+01   0.0 1.29e+00    -  9.31e-01 1.00e+00f  1
   5  1.5914827e+01 6.37e-03 1.04e+01  -0.8 1.50e+00    -  9.91e-01 1.00e+00f  1
   6  1.5749027e+01 2.63e-03 1.69e-01  -1.3 1.69e-01    -  9.99e-01 1.00e+00h  1
   7  1.5623902e+01 4.02e-03 1.28e-01  -2.5 1.28e-01    -  9.98e-01 1.00e+00f  1

Number of Iterations....: 8

Number of objective function evaluations             = 9
Number of objective gradient evaluations             = 9
Number of equality constraint evaluations            = 9
Number of inequality constraint evaluations          = 0
Number of equality constraint Jacobian evaluations   = 8
Number of inequality constraint Jacobian evaluations = 0
Number of Lagrangian Hessian evaluations             = 0
Total seconds in IPOPT                               = 2.350

EXIT: Invalid number in NLP function or derivative detected.
